     VMA      LMA     Size Align Out     In      Symbol
       0        0 80200000     1 . = 0x80200000
80200000 80200000      28c     2 .text
80200000 80200000        e     2         /tmp/kernel-c3244c.o:(.text.boot)
80200000 80200000        0     1                 
80200000 80200000        0     1                 
80200000 80200000        0     1                 $x.1
80200000 80200000        0     1                 
80200000 80200000        e     1                 boot
8020000e 8020000e        0     1                 
8020000e 8020000e        0     1                 
8020000e 8020000e       34     2         /tmp/kernel-c3244c.o:(.text)
8020000e 8020000e        0     1                 
8020000e 8020000e        0     1                 
8020000e 8020000e        0     1                 $x.0
8020000e 8020000e        0     1                 
8020000e 8020000e        6     1                 sbi_call
80200012 80200012        0     1                 
80200014 80200014        0     1                 
80200014 80200014        0     1                 
80200014 80200014        0     1                 
80200014 80200014       14     1                 putchar
80200026 80200026        0     1                 
80200028 80200028        0     1                 
80200028 80200028        0     1                 
80200028 80200028        0     1                 
80200028 80200028       1a     1                 kernel_main
8020002c 8020002c        0     1                 
80200040 80200040        0     1                 
80200040 80200040        0     1                 .LBB2_1
80200042 80200042        0     1                 
80200042 80200042        0     1                 
80200042 80200042      24a     2         /tmp/common-3e17e3.o:(.text)
80200042 80200042        0     1                 
80200042 80200042        0     1                 
80200042 80200042        0     1                 $x.0
80200042 80200042        0     1                 
80200042 80200042      1a6     1                 printf
80200070 80200070        0     1                 
80200098 80200098        0     1                 .LBB0_1
80200098 80200098        0     1                 
8020009c 8020009c        0     1                 .LBB0_2
8020009c 8020009c        0     1                 
8020009e 8020009e        0     1                 .LBB0_3
8020009e 8020009e        0     1                 
802000a2 802000a2        0     1                 
802000aa 802000aa        0     1                 .LBB0_5
802000aa 802000aa        0     1                 
802000ac 802000ac        0     1                 
802000ac 802000ac        0     1                 
802000ae 802000ae        0     1                 
802000b0 802000b0        0     1                 .LBB0_6
802000b0 802000b0        0     1                 
802000b4 802000b4        0     1                 
802000b6 802000b6        0     1                 
802000c6 802000c6        0     1                 
802000c6 802000c6        0     1                 
802000d2 802000d2        0     1                 
802000d2 802000d2        0     1                 
802000d6 802000d6        0     1                 
802000d6 802000d6        0     1                 
802000d8 802000d8        0     1                 
802000de 802000de        0     1                 .LBB0_11
802000de 802000de        0     1                 
802000de 802000de        0     1                 
802000e6 802000e6        0     1                 
802000e6 802000e6        0     1                 
802000f0 802000f0        0     1                 
802000f0 802000f0        0     1                 
802000f4 802000f4        0     1                 
802000f4 802000f4        0     1                 
802000f6 802000f6        0     1                 
802000fa 802000fa        0     1                 
802000fc 802000fc        0     1                 
802000fc 802000fc        0     1                 
80200102 80200102        0     1                 
80200102 80200102        0     1                 
80200104 80200104        0     1                 
80200108 80200108        0     1                 
8020010a 8020010a        0     1                 
8020010a 8020010a        0     1                 
80200110 80200110        0     1                 
80200110 80200110        0     1                 
80200112 80200112        0     1                 
80200116 80200116        0     1                 
80200118 80200118        0     1                 
80200118 80200118        0     1                 
8020011e 8020011e        0     1                 
8020011e 8020011e        0     1                 
80200120 80200120        0     1                 
80200124 80200124        0     1                 
80200126 80200126        0     1                 
80200126 80200126        0     1                 
8020012c 8020012c        0     1                 
8020012c 8020012c        0     1                 
8020012e 8020012e        0     1                 
80200132 80200132        0     1                 
80200134 80200134        0     1                 
80200134 80200134        0     1                 
8020013a 8020013a        0     1                 
8020013a 8020013a        0     1                 
8020013c 8020013c        0     1                 
80200140 80200140        0     1                 
80200142 80200142        0     1                 
80200142 80200142        0     1                 
80200148 80200148        0     1                 
80200148 80200148        0     1                 
8020014a 8020014a        0     1                 
8020014e 8020014e        0     1                 
80200150 80200150        0     1                 
80200150 80200150        0     1                 
80200152 80200152        0     1                 
80200152 80200152        0     1                 
80200154 80200154        0     1                 
80200158 80200158        0     1                 
80200158 80200158        0     1                 
8020015a 8020015a        0     1                 
8020015a 8020015a        0     1                 
8020015c 8020015c        0     1                 
8020015e 8020015e        0     1                 .LBB0_14
8020015e 8020015e        0     1                 
8020015e 8020015e        0     1                 
80200168 80200168        0     1                 
80200168 80200168        0     1                 
8020016c 8020016c        0     1                 
80200172 80200172        0     1                 
80200172 80200172        0     1                 .LBB0_16
80200172 80200172        0     1                 
80200178 80200178        0     1                 
80200178 80200178        0     1                 
8020017c 8020017c        0     1                 
8020017e 8020017e        0     1                 
80200182 80200182        0     1                 .LBB0_17
80200182 80200182        0     1                 
80200182 80200182        0     1                 
80200188 80200188        0     1                 
80200188 80200188        0     1                 
8020018c 8020018c        0     1                 
8020018c 8020018c        0     1                 
8020018e 8020018e        0     1                 
80200192 80200192        0     1                 .LBB0_18
80200192 80200192        0     1                 
80200194 80200194        0     1                 
80200194 80200194        0     1                 .LBB0_19
80200194 80200194        0     1                 
80200198 80200198        0     1                 
8020019c 8020019c        0     1                 
802001a0 802001a0        0     1                 .LBB0_20
802001a0 802001a0        0     1                 
802001a0 802001a0        0     1                 
802001a2 802001a2        0     1                 
802001a2 802001a2        0     1                 
802001a6 802001a6        0     1                 
802001aa 802001aa        0     1                 
802001b0 802001b0        0     1                 
802001b0 802001b0        0     1                 
802001be 802001be        0     1                 
802001be 802001be        0     1                 
802001c4 802001c4        0     1                 .LBB0_21
802001c4 802001c4        0     1                 
802001c4 802001c4        0     1                 
802001ca 802001ca        0     1                 .LBB0_22
802001ca 802001ca        0     1                 
802001ca 802001ca        0     1                 
802001ce 802001ce        0     1                 
802001e4 802001e4        0     1                 
802001e8 802001e8        0     1                 
802001e8 802001e8        0     1                 
802001e8 802001e8        0     1                 
802001e8 802001e8        0     1                 
802001e8 802001e8        0     1                 
802001e8 802001e8       1c     1                 memcpy
802001ec 802001ec        0     1                 
802001ec 802001ec        0     1                 
802001ee 802001ee        0     1                 
802001ee 802001ee        0     1                 .LBB1_2
802001ee 802001ee        0     1                 
802001f2 802001f2        0     1                 
802001f4 802001f4        0     1                 
802001f8 802001f8        0     1                 
802001f8 802001f8        0     1                 
802001fc 802001fc        0     1                 
802001fe 802001fe        0     1                 
802001fe 802001fe        0     1                 
80200202 80200202        0     1                 .LBB1_3
80200202 80200202        0     1                 
80200202 80200202        0     1                 
80200204 80200204        0     1                 
80200204 80200204        0     1                 
80200204 80200204        0     1                 
80200204 80200204        0     1                 
80200204 80200204        0     1                 
80200204 80200204       16     1                 memset
80200208 80200208        0     1                 
80200208 80200208        0     1                 
8020020a 8020020a        0     1                 
8020020a 8020020a        0     1                 .LBB2_2
8020020a 8020020a        0     1                 
8020020e 8020020e        0     1                 
8020020e 8020020e        0     1                 
80200212 80200212        0     1                 
80200214 80200214        0     1                 
80200214 80200214        0     1                 
80200218 80200218        0     1                 .LBB2_3
80200218 80200218        0     1                 
80200218 80200218        0     1                 
8020021a 8020021a        0     1                 
8020021a 8020021a        0     1                 
8020021a 8020021a        0     1                 
8020021a 8020021a        0     1                 
8020021a 8020021a        0     1                 
8020021a 8020021a       44     1                 my_strcpy
8020021c 8020021c        0     1                 
80200220 80200220        0     1                 
80200222 80200222        0     1                 
80200224 80200224        0     1                 
80200224 80200224        0     1                 .LBB3_3
80200224 80200224        0     1                 
8020022c 8020022c        0     1                 
8020022e 8020022e        0     1                 
80200232 80200232        0     1                 
80200234 80200234        0     1                 
80200238 80200238        0     1                 
8020023c 8020023c        0     1                 
8020023e 8020023e        0     1                 
80200240 80200240        0     1                 .LBB3_6
80200240 80200240        0     1                 
80200242 80200242        0     1                 
80200242 80200242        0     1                 
80200244 80200244        0     1                 .LBB3_7
80200244 80200244        0     1                 
80200244 80200244        0     1                 
80200246 80200246        0     1                 .LBB3_8
80200246 80200246        0     1                 
80200246 80200246        0     1                 
80200248 80200248        0     1                 
80200248 80200248        0     1                 
8020024c 8020024c        0     1                 
8020024c 8020024c        0     1                 .LBB3_9
8020024c 8020024c        0     1                 
80200254 80200254        0     1                 
80200256 80200256        0     1                 
80200258 80200258        0     1                 
8020025e 8020025e        0     1                 
8020025e 8020025e        0     1                 
8020025e 8020025e        0     1                 
8020025e 8020025e        0     1                 
8020025e 8020025e        0     1                 
8020025e 8020025e       2e     1                 strcmp
80200262 80200262        0     1                 
80200264 80200264        0     1                 
80200266 80200266        0     1                 
80200266 80200266        0     1                 .LBB4_2
80200266 80200266        0     1                 
8020026e 8020026e        0     1                 
80200272 80200272        0     1                 
80200272 80200272        0     1                 
80200276 80200276        0     1                 
80200278 80200278        0     1                 
8020027a 8020027a        0     1                 
8020027c 8020027c        0     1                 .LBB4_4
8020027c 8020027c        0     1                 
80200282 80200282        0     1                 .LBB4_5
80200282 80200282        0     1                 
80200282 80200282        0     1                 
80200284 80200284        0     1                 .LBB4_6
80200284 80200284        0     1                 
80200284 80200284        0     1                 
80200288 80200288        0     1                 
80200288 80200288        0     1                 
8020028a 8020028a        0     1                 
8020028c 8020028c        0     1                 
8020028c 8020028c        0     1                 
8020028c 8020028c       31     4 .rodata
8020028c 8020028c       31     1         <internal>:(.rodata.str1.1)
802002c0 802002c0        0     4 .bss
802002c0 802002c0        0     1         __bss = .
802002c0 802002c0        0     1         __bss_end = .
802002c0 802002c0        0     1 . = ALIGN ( 4 )
802002c0 802002c0    20000     1 . += 128 * 1024
802202c0 802202c0        0     1 __stack_top = .
       0        0      368     1 .debug_loc
       0        0       6e     1         /tmp/kernel-c3244c.o:(.debug_loc)
       0        0        0     1                 
       0        0        0     1                 $d.3
      1b       1b        0     1                 
      36       36        0     1                 
      51       51        0     1                 
      6e       6e      2fa     1         /tmp/common-3e17e3.o:(.debug_loc)
      6e       6e        0     1                 
      6e       6e        0     1                 $d.2
      8c       8c        0     1                 
      aa       aa        0     1                 
      ed       ed        0     1                 
     16a      16a        0     1                 
     17d      17d        0     1                 
     1dd      1dd        0     1                 
     208      208        0     1                 
     21b      21b        0     1                 
     24f      24f        0     1                 
     264      264        0     1                 
     298      298        0     1                 
     2ad      2ad        0     1                 
     2cb      2cb        0     1                 
     2e9      2e9        0     1                 
     31f      31f        0     1                 
     355      355        0     1                 
       0        0      28f     1 .debug_abbrev
       0        0      167     1         /tmp/kernel-c3244c.o:(.debug_abbrev)
       0        0        0     1                 $d.4
     167      167      128     1         /tmp/common-3e17e3.o:(.debug_abbrev)
     167      167        0     1                 $d.3
       0        0      60f     1 .debug_info
       0        0      2e4     1         /tmp/kernel-c3244c.o:(.debug_info)
       0        0        0     1                 $d.5
     2e4      2e4      32b     1         /tmp/common-3e17e3.o:(.debug_info)
     2e4      2e4        0     1                 $d.4
       0        0       30     1 .debug_ranges
       0        0       18     1         /tmp/kernel-c3244c.o:(.debug_ranges)
       0        0        0     1                 
       0        0        0     1                 $d.6
      18       18       18     1         /tmp/common-3e17e3.o:(.debug_ranges)
      18       18        0     1                 
      18       18        0     1                 $d.5
       0        0      196     1 .debug_str
       0        0      196     1         <internal>:(.debug_str)
       0        0       42     1 .comment
       0        0       42     1         <internal>:(.comment)
       0        0       2b     1 .riscv.attributes
       0        0       2b     1         <internal>:(.riscv.attributes)
       0        0       e0     4 .debug_frame
       0        0       5c     4         /tmp/kernel-c3244c.o:(.debug_frame)
       0        0        0     1                 
       0        0        0     1                 $d.10
      5c       5c       84     4         /tmp/common-3e17e3.o:(.debug_frame)
      5c       5c        0     1                 
      5c       5c        0     1                 $d.9
       0        0      491     1 .debug_line
       0        0       94     1         /tmp/kernel-c3244c.o:(.debug_line)
       0        0        0     1                 .Lline_table_start0
       0        0        0     1                 $d.11
      94       94      3fd     1         /tmp/common-3e17e3.o:(.debug_line)
      94       94        0     1                 .Lline_table_start0
      94       94        0     1                 $d.10
       0        0     1650     4 .symtab
       0        0     1650     4         <internal>:(.symtab)
       0        0       a0     1 .shstrtab
       0        0       a0     1         <internal>:(.shstrtab)
       0        0       ed     1 .strtab
       0        0       ed     1         <internal>:(.strtab)
